// Bun Snapshot v1, https://bun.sh/docs/test/snapshots

exports[`event calendar locale Arabic calendar labels stay complete in the Sunday-based locale API order 1`] = `
{
  "dayNames": [
    "الأحد",
    "الاثنين",
    "الثلاثاء",
    "الأربعاء",
    "الخميس",
    "الجمعة",
    "السبت",
  ],
  "dayNamesShort": [
    "أحد",
    "اثنين",
    "ثلاثاء",
    "أربعاء",
    "خميس",
    "جمعة",
    "سبت",
  ],
  "monthNames": [
    "يناير",
    "فبراير",
    "مارس",
    "أبريل",
    "مايو",
    "يونيو",
    "يوليو",
    "أغسطس",
    "سبتمبر",
    "أكتوبر",
    "نوفمبر",
    "ديسمبر",
  ],
  "monthNamesShort": [
    "يناير",
    "فبراير",
    "مارس",
    "أبريل",
    "مايو",
    "يونيو",
    "يوليو",
    "أغسطس",
    "سبتمبر",
    "أكتوبر",
    "نوفمبر",
    "ديسمبر",
  ],
  "today": "اليوم",
}
`;
